From github.com:aengusl/aengusl.github.io
 * branch            main       -> FETCH_HEAD
Already up to date.
{"site": "/home/aenguslynch/projects/aengusl.github.io/cultural-selection", "turn": 53, "works": 4, "quotes": 6}
[main c95831e] Update cultural selection live page at turn 53
 6 files changed, 207 insertions(+), 158 deletions(-)
 create mode 100644 cultural-selection/artworks/religion-1-version-20.html
 create mode 100644 cultural-selection/artworks/religion-2-version-22.html
 create mode 100644 cultural-selection/artworks/religion-3-version-23.html
 create mode 100644 cultural-selection/artworks/religion-4-version-24.html
remote: 
remote: GitHub found 36 vulnerabilities on aengusl/aengusl.github.io's default branch (1 critical, 7 high, 15 moderate, 13 low). To find out more, visit:        
remote:      https://github.com/aengusl/aengusl.github.io/security/dependabot        
remote: 
To github.com:aengusl/aengusl.github.io.git
   c666ffc..c95831e  main -> main
[2026-07-12T23:14:09Z] PUBLISHED turn=53
From github.com:aengusl/aengusl.github.io
 * branch            main       -> FETCH_HEAD
Already up to date.
{"site": "/home/aenguslynch/projects/aengusl.github.io/cultural-selection", "turn": 64, "works": 4, "quotes": 6}
[main 360da1f] Update cultural selection live page at turn 63
 3 files changed, 153 insertions(+), 137 deletions(-)
 create mode 100644 cultural-selection/artworks/religion-1-version-25.html
remote: 
remote: GitHub found 36 vulnerabilities on aengusl/aengusl.github.io's default branch (1 critical, 7 high, 15 moderate, 13 low). To find out more, visit:        
remote:      https://github.com/aengusl/aengusl.github.io/security/dependabot        
remote: 
To github.com:aengusl/aengusl.github.io.git
   c95831e..360da1f  main -> main
[2026-07-12T23:16:32Z] PUBLISHED turn=63
error: cannot pull with rebase: You have unstaged changes.
error: please commit or stash them.
{"site": "/home/aenguslynch/projects/aengusl.github.io/cultural-selection", "turn": 74, "works": 4, "quotes": 6}
[main 10b9c01] Update cultural selection live page at turn 74
 2 files changed, 109 insertions(+), 109 deletions(-)
remote: 
remote: GitHub found 36 vulnerabilities on aengusl/aengusl.github.io's default branch (1 critical, 7 high, 15 moderate, 13 low). To find out more, visit:        
remote:      https://github.com/aengusl/aengusl.github.io/security/dependabot        
remote: 
To github.com:aengusl/aengusl.github.io.git
   360da1f..10b9c01  main -> main
[2026-07-12T23:19:13Z] PUBLISHED turn=74
From github.com:aengusl/aengusl.github.io
 * branch            main       -> FETCH_HEAD
Already up to date.
{"site": "/home/aenguslynch/projects/aengusl.github.io/cultural-selection", "turn": 84, "works": 4, "quotes": 6}
[main d920a8e] Update cultural selection live page at turn 84
 2 files changed, 106 insertions(+), 106 deletions(-)
remote: 
remote: GitHub found 36 vulnerabilities on aengusl/aengusl.github.io's default branch (1 critical, 7 high, 15 moderate, 13 low). To find out more, visit:        
remote:      https://github.com/aengusl/aengusl.github.io/security/dependabot        
remote: 
To github.com:aengusl/aengusl.github.io.git
   97c38aa..d920a8e  main -> main
[2026-07-12T23:21:16Z] PUBLISHED turn=84
From github.com:aengusl/aengusl.github.io
 * branch            main       -> FETCH_HEAD
Already up to date.
{"site": "/home/aenguslynch/projects/aengusl.github.io/cultural-selection", "turn": 95, "works": 4, "quotes": 6}
[main 2fe99c5] Update cultural selection live page at turn 95
 2 files changed, 98 insertions(+), 98 deletions(-)
remote: 
remote: GitHub found 36 vulnerabilities on aengusl/aengusl.github.io's default branch (1 critical, 7 high, 15 moderate, 13 low). To find out more, visit:        
remote:      https://github.com/aengusl/aengusl.github.io/security/dependabot        
remote: 
To github.com:aengusl/aengusl.github.io.git
   d920a8e..2fe99c5  main -> main
[2026-07-12T23:23:19Z] PUBLISHED turn=95
From github.com:aengusl/aengusl.github.io
 * branch            main       -> FETCH_HEAD
Already up to date.
{"site": "/home/aenguslynch/projects/aengusl.github.io/cultural-selection", "turn": 100, "works": 4, "quotes": 6}
[main 1c51721] Update cultural selection live page at turn 100
 2 files changed, 99 insertions(+), 99 deletions(-)
remote: 
remote: GitHub found 36 vulnerabilities on aengusl/aengusl.github.io's default branch (1 critical, 7 high, 15 moderate, 13 low). To find out more, visit:        
remote:      https://github.com/aengusl/aengusl.github.io/security/dependabot        
remote: 
To github.com:aengusl/aengusl.github.io.git
   2fe99c5..1c51721  main -> main
[2026-07-12T23:24:22Z] PUBLISH_COMPLETE turn=100
